// Jest Snapshot v1, https://goo.gl/fbAQLP

exports[`Pruebas en GifElemento Debe coincidir con el snapshot 1`] = `
<div>
  <div
    class="card"
  >
    <img
      alt="{titulo}"
      src="{url}"
    />
    <p>
      {titulo}
    </p>
  </div>
</div>
`;
